PHPUnit 12.5.4 by Sebastian Bergmann and contributors.

Runtime:       PHP 8.4.14
Configuration: /Users/mac-2019/Documents/projects/laundry-free/phpunit.dist.xml

DDD                                                                 3 / 3 (100%)

Time: 00:00.943, Memory: 50.50 MB

3 tests triggered 1 deprecation:

1) /Users/mac-2019/Documents/projects/laundry-free/vendor/api-platform/symfony/Bundle/Test/ApiTestCase.php:50
Since api-platform/symfony 4.1.0: Currently, the kernel will always be booted when a new client is created, but in API Platform 5.0, it will not be booted unless you set `static::$alwaysBootKernel` to `true` (the default will be `false`). See https://github.com/api-platform/core/issues/6971 for more information.

Triggered by:

* App\Tests\UserEndpointTest::testLogin
  /Users/mac-2019/Documents/projects/laundry-free/tests/UserEndpointTest.php:12

* App\Tests\UserEndpointTest::testRegister
  /Users/mac-2019/Documents/projects/laundry-free/tests/UserEndpointTest.php:32

* App\Tests\UserEndpointTest::testUserVerify
  /Users/mac-2019/Documents/projects/laundry-free/tests/UserEndpointTest.php:58

OK, but there were issues!
Tests: 3, Assertions: 7, Deprecations: 1.
